192.168.1.10 - - [14/Sep/2025:08:30:01 +0000] "GET /index.html HTTP/1.1" 200 1254 "-" "Mozilla/5.0 (Windows NT 10.0; Win64; x64) AppleWebKit/537.36 (KHTML, like Gecko) Chrome/105.0.0.0 Safari/537.36"
203.0.113.5 - - [14/Sep/2025:08:30:05 +0000] "POST /api/login HTTP/1.1" 201 123 "https://example.com/login" "PostmanRuntime/7.29.0"
85.234.56.78 - - [14/Sep/2025:08:30:10 +0000] "GET /images/logo.png HTTP/1.1" 200 5678 "-" "Mozilla/5.0 (Macintosh; Intel Mac OS X 10_15_7) AppleWebKit/605.1.15 (KHTML, like Gecko) Version/15.1 Safari/605.1.15"
192.168.1.10 - - [14/Sep/2025:08:30:15 +0000] "GET /non-existent-page HTTP/1.1" 404 154 "-" "Mozilla/5.0 (Windows NT 10.0; Win64; x64) AppleWebKit/537.36 (KHTML, like Gecko) Chrome/105.0.0.0 Safari/537.36"
45.67.89.12 - - [14/Sep/2025:08:30:20 +0000] "GET /blog/post-about-nginx HTTP/1.1" 200 8900 "-" "Mozilla/5.0 (iPhone; CPU iPhone OS 14_6 like Mac OS X) AppleWebKit/605.1.15 (KHTML, like Gecko) CriOS/91.0.4472.80 Mobile/15E148 Safari/604.1"
172.16.254.1 - - [14/Sep/2025:08:30:25 +0000] "GET /old-page HTTP/1.1" 301 178 "-" "Mozilla/5.0 (iPad; CPU OS 14_6 like Mac OS X) AppleWebKit/605.1.15 (KHTML, like Gecko) CriOS/91.0.4472.80 Mobile/15E148 Safari/604.1"
216.58.192.142 - - [14/Sep/2025:08:30:30 +0000] "POST /api/upload-file HTTP/1.1" 500 250 "https://example.com/dashboard" "PostmanRuntime/7.29.0"
50.116.62.1 - - [14/Sep/2025:08:30:35 +0000] "GET /css/style.css HTTP/1.1" 200 3456 "https://example.com/index.html" "Mozilla/5.0 (Windows NT 10.0; Win64; x64) AppleWebKit/537.36 (KHTML, like Gecko) Chrome/105.0.0.0 Safari/537.36"
192.168.1.10 - - [14/Sep/2025:08:30:40 +0000] "PUT /users/123 HTTP/1.1" 204 0 "-" "PostmanRuntime/7.29.0"
45.67.89.12 - - [14/Sep/2025:08:30:45 +0000] "GET /js/app.js HTTP/1.1" 200 8765 "https://example.com/blog/post-about-nginx" "Mozilla/5.0 (Linux; Android 10) AppleWebKit/537.36 (KHTML, like Gecko) Chrome/105.0.0.0 Mobile Safari/537.36"
172.16.254.1 - - [14/Sep/2025:08:30:50 +0000] "DELETE /api/items/54321 HTTP/1.1" 204 0 "-" "PostmanRuntime/7.29.0"
216.58.192.142 - - [14/Sep/2025:08:30:55 +0000] "GET /robots.txt HTTP/1.1" 200 120 "-" "Googlebot/2.1 (+http://www.google.com/bot.html)"
50.116.62.1 - - [14/Sep/2025:08:31:00 +0000] "GET /contact HTTP/1.1" 200 2345 "https://example.com/" "Mozilla/5.0 (Windows NT 10.0; Win64; x64; rv:99.0) Gecko/20100101 Firefox/99.0"
192.168.1.10 - - [14/Sep/2025:08:31:05 +0000] "GET /favicon.ico HTTP/1.1" 200 1540 "https://example.com/" "Mozilla/5.0 (Windows NT 10.0; Win64; x64) AppleWebKit/537.36 (KHTML, like Gecko) Chrome/105.0.0.0 Safari/537.36"
93.184.216.34 - - [14/Sep/2025:08:31:10 +0000] "GET /api/data?id=123 HTTP/1.1" 200 450 "-" "curl/7.85.0"
192.168.1.10 - - [14/Sep/2025:08:30:01 +0000] "GET /index.html HTTP/1.1" 200 1254 "-" "Mozilla/5.0 (Windows NT 10.0; Win64; x64) AppleWebKit/537.36 (KHTML, like Gecko) Chrome/105.0.0.0 Safari/537.36"
203.0.113.5 - - [14/Sep/2025:08:30:05 +0000] "POST /api/login HTTP/1.1" 201 123 "https://example.com/login" "PostmanRuntime/7.29.0"
85.234.56.78 - - [14/Sep/2025:08:30:10 +0000] "GET /images/logo.png HTTP/1.1" 200 5678 "-" "Mozilla/5.0 (Macintosh; Intel Mac OS X 10_15_7) AppleWebKit/605.1.15 (KHTML, like Gecko) Version/15.1 Safari/605.1.15"
192.168.1.10 - - [14/Sep/2025:08:30:15 +0000] "GET /non-existent-page HTTP/1.1" 404 154 "-" "Mozilla/5.0 (Windows NT 10.0; Win64; x64) AppleWebKit/537.36 (KHTML, like Gecko) Chrome/105.0.0.0 Safari/537.36"
45.67.89.12 - - [14/Sep/2025:08:30:20 +0000] "GET /blog/post-about-nginx HTTP/1.1" 200 8900 "-" "Mozilla/5.0 (iPhone; CPU iPhone OS 14_6 like Mac OS X) AppleWebKit/605.1.15 (KHTML, like Gecko) CriOS/91.0.4472.80 Mobile/15E148 Safari/604.1"
172.16.254.1 - - [14/Sep/2025:08:30:25 +0000] "GET /old-page HTTP/1.1" 301 178 "-" "Mozilla/5.0 (iPad; CPU OS 14_6 like Mac OS X) AppleWebKit/605.1.15 (KHTML, like Gecko) CriOS/91.0.4472.80 Mobile/15E148 Safari/604.1"
216.58.192.142 - - [14/Sep/2025:08:30:30 +0000] "POST /api/upload-file HTTP/1.1" 500 250 "https://example.com/dashboard" "PostmanRuntime/7.29.0"
50.116.62.1 - - [14/Sep/2025:08:30:35 +0000] "GET /css/style.css HTTP/1.1" 200 3456 "https://example.com/index.html" "Mozilla/5.0 (Windows NT 10.0; Win64; x64) AppleWebKit/537.36 (KHTML, like Gecko) Chrome/105.0.0.0 Safari/537.36"
192.168.1.10 - - [14/Sep/2025:08:30:40 +0000] "PUT /users/123 HTTP/1.1" 204 0 "-" "PostmanRuntime/7.29.0"
45.67.89.12 - - [14/Sep/2025:08:30:45 +0000] "GET /js/app.js HTTP/1.1" 200 8765 "https://example.com/blog/post-about-nginx" "Mozilla/5.0 (Linux; Android 10) AppleWebKit/537.36 (KHTML, like Gecko) Chrome/105.0.0.0 Mobile Safari/537.36"
172.16.254.1 - - [14/Sep/2025:08:30:50 +0000] "DELETE /api/items/54321 HTTP/1.1" 204 0 "-" "PostmanRuntime/7.29.0"
216.58.192.142 - - [14/Sep/2025:08:30:55 +0000] "GET /robots.txt HTTP/1.1" 200 120 "-" "Googlebot/2.1 (+http://www.google.com/bot.html)"
50.116.62.1 - - [14/Sep/2025:08:31:00 +0000] "GET /contact HTTP/1.1" 200 2345 "https://example.com/" "Mozilla/5.0 (Windows NT 10.0; Win64; x64; rv:99.0) Gecko/20100101 Firefox/99.0"
192.168.1.10 - - [14/Sep/2025:08:31:05 +0000] "GET /favicon.ico HTTP/1.1" 200 1540 "https://example.com/" "Mozilla/5.0 (Windows NT 10.0; Win64; x64) AppleWebKit/537.36 (KHTML, like Gecko) Chrome/105.0.0.0 Safari/537.36"
93.184.216.34 - - [14/Sep/2025:08:31:10 +0000] "GET /api/data?id=123 HTTP/1.1" 200 450 "-" "curl/7.85.0"
192.168.1.10 - - [14/Sep/2025:08:30:01 +0000] "GET /index.html HTTP/1.1" 200 1254 "-" "Mozilla/5.0 (Windows NT 10.0; Win64; x64) AppleWebKit/537.36 (KHTML, like Gecko) Chrome/105.0.0.0 Safari/537.36"
203.0.113.5 - - [14/Sep/2025:08:30:05 +0000] "POST /api/login HTTP/1.1" 201 123 "https://example.com/login" "PostmanRuntime/7.29.0"
85.234.56.78 - - [14/Sep/2025:08:30:10 +0000] "GET /images/logo.png HTTP/1.1" 200 5678 "-" "Mozilla/5.0 (Macintosh; Intel Mac OS X 10_15_7) AppleWebKit/605.1.15 (KHTML, like Gecko) Version/15.1 Safari/605.1.15"
192.168.1.10 - - [14/Sep/2025:08:30:15 +0000] "GET /non-existent-page HTTP/1.1" 404 154 "-" "Mozilla/5.0 (Windows NT 10.0; Win64; x64) AppleWebKit/537.36 (KHTML, like Gecko) Chrome/105.0.0.0 Safari/537.36"
45.67.89.12 - - [14/Sep/2025:08:30:20 +0000] "GET /blog/post-about-nginx HTTP/1.1" 200 8900 "-" "Mozilla/5.0 (iPhone; CPU iPhone OS 14_6 like Mac OS X) AppleWebKit/605.1.15 (KHTML, like Gecko) CriOS/91.0.4472.80 Mobile/15E148 Safari/604.1"
172.16.254.1 - - [14/Sep/2025:08:30:25 +0000] "GET /old-page HTTP/1.1" 301 178 "-" "Mozilla/5.0 (iPad; CPU OS 14_6 like Mac OS X) AppleWebKit/605.1.15 (KHTML, like Gecko) CriOS/91.0.4472.80 Mobile/15E148 Safari/604.1"
216.58.192.142 - - [14/Sep/2025:08:30:30 +0000] "POST /api/upload-file HTTP/1.1" 500 250 "https://example.com/dashboard" "PostmanRuntime/7.29.0"
50.116.62.1 - - [14/Sep/2025:08:30:35 +0000] "GET /css/style.css HTTP/1.1" 200 3456 "https://example.com/index.html" "Mozilla/5.0 (Windows NT 10.0; Win64; x64) AppleWebKit/537.36 (KHTML, like Gecko) Chrome/105.0.0.0 Safari/537.36"
192.168.1.10 - - [14/Sep/2025:08:30:40 +0000] "PUT /users/123 HTTP/1.1" 204 0 "-" "PostmanRuntime/7.29.0"
45.67.89.12 - - [14/Sep/2025:08:30:45 +0000] "GET /js/app.js HTTP/1.1" 200 8765 "https://example.com/blog/post-about-nginx" "Mozilla/5.0 (Linux; Android 10) AppleWebKit/537.36 (KHTML, like Gecko) Chrome/105.0.0.0 Mobile Safari/537.36"
172.16.254.1 - - [14/Sep/2025:08:30:50 +0000] "DELETE /api/items/54321 HTTP/1.1" 204 0 "-" "PostmanRuntime/7.29.0"
216.58.192.142 - - [14/Sep/2025:08:30:55 +0000] "GET /robots.txt HTTP/1.1" 200 120 "-" "Googlebot/2.1 (+http://www.google.com/bot.html)"
50.116.62.1 - - [14/Sep/2025:08:31:00 +0000] "GET /contact HTTP/1.1" 200 2345 "https://example.com/" "Mozilla/5.0 (Windows NT 10.0; Win64; x64; rv:99.0) Gecko/20100101 Firefox/99.0"
192.168.1.10 - - [14/Sep/2025:08:31:05 +0000] "GET /favicon.ico HTTP/1.1" 200 1540 "https://example.com/" "Mozilla/5.0 (Windows NT 10.0; Win64; x64) AppleWebKit/537.36 (KHTML, like Gecko) Chrome/105.0.0.0 Safari/537.36"
93.184.216.34 - - [14/Sep/2025:08:31:10 +0000] "GET /api/data?id=123 HTTP/1.1" 200 450 "-" "curl/7.85.0"
192.168.1.10 - - [14/Sep/2025:08:30:01 +0000] "GET /index.html HTTP/1.1" 200 1254 "-" "Mozilla/5.0 (Windows NT 10.0; Win64; x64) AppleWebKit/537.36 (KHTML, like Gecko) Chrome/105.0.0.0 Safari/537.36"
203.0.113.5 - - [14/Sep/2025:08:30:05 +0000] "POST /api/login HTTP/1.1" 201 123 "https://example.com/login" "PostmanRuntime/7.29.0"
85.234.56.78 - - [14/Sep/2025:08:30:10 +0000] "GET /images/logo.png HTTP/1.1" 200 5678 "-" "Mozilla/5.0 (Macintosh; Intel Mac OS X 10_15_7) AppleWebKit/605.1.15 (KHTML, like Gecko) Version/15.1 Safari/605.1.15"
192.168.1.10 - - [14/Sep/2025:08:30:15 +0000] "GET /non-existent-page HTTP/1.1" 404 154 "-" "Mozilla/5.0 (Windows NT 10.0; Win64; x64) AppleWebKit/537.36 (KHTML, like Gecko) Chrome/105.0.0.0 Safari/537.36"
45.67.89.12 - - [14/Sep/2025:08:30:20 +0000] "GET /blog/post-about-nginx HTTP/1.1" 200 8900 "-" "Mozilla/5.0 (iPhone; CPU iPhone OS 14_6 like Mac OS X) AppleWebKit/605.1.15 (KHTML, like Gecko) CriOS/91.0.4472.80 Mobile/15E148 Safari/604.1"
172.16.254.1 - - [14/Sep/2025:08:30:25 +0000] "GET /old-page HTTP/1.1" 301 178 "-" "Mozilla/5.0 (iPad; CPU OS 14_6 like Mac OS X) AppleWebKit/605.1.15 (KHTML, like Gecko) CriOS/91.0.4472.80 Mobile/15E148 Safari/604.1"
216.58.192.142 - - [14/Sep/2025:08:30:30 +0000] "POST /api/upload-file HTTP/1.1" 500 250 "https://example.com/dashboard" "PostmanRuntime/7.29.0"
50.116.62.1 - - [14/Sep/2025:08:30:35 +0000] "GET /css/style.css HTTP/1.1" 200 3456 "https://example.com/index.html" "Mozilla/5.0 (Windows NT 10.0; Win64; x64) AppleWebKit/537.36 (KHTML, like Gecko) Chrome/105.0.0.0 Safari/537.36"
192.168.1.10 - - [14/Sep/2025:08:30:40 +0000] "PUT /users/123 HTTP/1.1" 204 0 "-" "PostmanRuntime/7.29.0"
45.67.89.12 - - [14/Sep/2025:08:30:45 +0000] "GET /js/app.js HTTP/1.1" 200 8765 "https://example.com/blog/post-about-nginx" "Mozilla/5.0 (Linux; Android 10) AppleWebKit/537.36 (KHTML, like Gecko) Chrome/105.0.0.0 Mobile Safari/537.36"
172.16.254.1 - - [14/Sep/2025:08:30:50 +0000] "DELETE /api/items/54321 HTTP/1.1" 204 0 "-" "PostmanRuntime/7.29.0"
216.58.192.142 - - [14/Sep/2025:08:30:55 +0000] "GET /robots.txt HTTP/1.1" 200 120 "-" "Googlebot/2.1 (+http://www.google.com/bot.html)"
50.116.62.1 - - [14/Sep/2025:08:31:00 +0000] "GET /contact HTTP/1.1" 200 2345 "https://example.com/" "Mozilla/5.0 (Windows NT 10.0; Win64; x64; rv:99.0) Gecko/20100101 Firefox/99.0"
192.168.1.10 - - [14/Sep/2025:08:31:05 +0000] "GET /favicon.ico HTTP/1.1" 200 1540 "https://example.com/" "Mozilla/5.0 (Windows NT 10.0; Win64; x64) AppleWebKit/537.36 (KHTML, like Gecko) Chrome/105.0.0.0 Safari/537.36"
93.184.216.34 - - [14/Sep/2025:08:31:10 +0000] "GET /api/data?id=123 HTTP/1.1" 200 450 "-" "curl/7.85.0"
192.168.1.10 - - [14/Sep/2025:08:30:01 +0000] "GET /index.html HTTP/1.1" 200 1254 "-" "Mozilla/5.0 (Windows NT 10.0; Win64; x64) AppleWebKit/537.36 (KHTML, like Gecko) Chrome/105.0.0.0 Safari/537.36"
203.0.113.5 - - [14/Sep/2025:08:30:05 +0000] "POST /api/login HTTP/1.1" 201 123 "https://example.com/login" "PostmanRuntime/7.29.0"
85.234.56.78 - - [14/Sep/2025:08:30:10 +0000] "GET /images/logo.png HTTP/1.1" 200 5678 "-" "Mozilla/5.0 (Macintosh; Intel Mac OS X 10_15_7) AppleWebKit/605.1.15 (KHTML, like Gecko) Version/15.1 Safari/605.1.15"
192.168.1.10 - - [14/Sep/2025:08:30:15 +0000] "GET /non-existent-page HTTP/1.1" 404 154 "-" "Mozilla/5.0 (Windows NT 10.0; Win64; x64) AppleWebKit/537.36 (KHTML, like Gecko) Chrome/105.0.0.0 Safari/537.36"
45.67.89.12 - - [14/Sep/2025:08:30:20 +0000] "GET /blog/post-about-nginx HTTP/1.1" 200 8900 "-" "Mozilla/5.0 (iPhone; CPU iPhone OS 14_6 like Mac OS X) AppleWebKit/605.1.15 (KHTML, like Gecko) CriOS/91.0.4472.80 Mobile/15E148 Safari/604.1"
172.16.254.1 - - [14/Sep/2025:08:30:25 +0000] "GET /old-page HTTP/1.1" 301 178 "-" "Mozilla/5.0 (iPad; CPU OS 14_6 like Mac OS X) AppleWebKit/605.1.15 (KHTML, like Gecko) CriOS/91.0.4472.80 Mobile/15E148 Safari/604.1"
216.58.192.142 - - [14/Sep/2025:08:30:30 +0000] "POST /api/upload-file HTTP/1.1" 500 250 "https://example.com/dashboard" "PostmanRuntime/7.29.0"
50.116.62.1 - - [14/Sep/2025:08:30:35 +0000] "GET /css/style.css HTTP/1.1" 200 3456 "https://example.com/index.html" "Mozilla/5.0 (Windows NT 10.0; Win64; x64) AppleWebKit/537.36 (KHTML, like Gecko) Chrome/105.0.0.0 Safari/537.36"
192.168.1.10 - - [14/Sep/2025:08:30:40 +0000] "PUT /users/123 HTTP/1.1" 204 0 "-" "PostmanRuntime/7.29.0"
45.67.89.12 - - [14/Sep/2025:08:30:45 +0000] "GET /js/app.js HTTP/1.1" 200 8765 "https://example.com/blog/post-about-nginx" "Mozilla/5.0 (Linux; Android 10) AppleWebKit/537.36 (KHTML, like Gecko) Chrome/105.0.0.0 Mobile Safari/537.36"
172.16.254.1 - - [14/Sep/2025:08:30:50 +0000] "DELETE /api/items/54321 HTTP/1.1" 204 0 "-" "PostmanRuntime/7.29.0"
216.58.192.142 - - [14/Sep/2025:08:30:55 +0000] "GET /robots.txt HTTP/1.1" 200 120 "-" "Googlebot/2.1 (+http://www.google.com/bot.html)"
50.116.62.1 - - [14/Sep/2025:08:31:00 +0000] "GET /contact HTTP/1.1" 200 2345 "https://example.com/" "Mozilla/5.0 (Windows NT 10.0; Win64; x64; rv:99.0) Gecko/20100101 Firefox/99.0"
192.168.1.10 - - [14/Sep/2025:08:31:05 +0000] "GET /favicon.ico HTTP/1.1" 200 1540 "https://example.com/" "Mozilla/5.0 (Windows NT 10.0; Win64; x64) AppleWebKit/537.36 (KHTML, like Gecko) Chrome/105.0.0.0 Safari/537.36"
93.184.216.34 - - [14/Sep/2025:08:31:10 +0000] "GET /api/data?id=123 HTTP/1.1" 200 450 "-" "curl/7.85.0"
192.168.1.10 - - [14/Sep/2025:08:30:01 +0000] "GET /index.html HTTP/1.1" 200 1254 "-" "Mozilla/5.0 (Windows NT 10.0; Win64; x64) AppleWebKit/537.36 (KHTML, like Gecko) Chrome/105.0.0.0 Safari/537.36"
203.0.113.5 - - [14/Sep/2025:08:30:05 +0000] "POST /api/login HTTP/1.1" 201 123 "https://example.com/login" "PostmanRuntime/7.29.0"
85.234.56.78 - - [14/Sep/2025:08:30:10 +0000] "GET /images/logo.png HTTP/1.1" 200 5678 "-" "Mozilla/5.0 (Macintosh; Intel Mac OS X 10_15_7) AppleWebKit/605.1.15 (KHTML, like Gecko) Version/15.1 Safari/605.1.15"
192.168.1.10 - - [14/Sep/2025:08:30:15 +0000] "GET /non-existent-page HTTP/1.1" 404 154 "-" "Mozilla/5.0 (Windows NT 10.0; Win64; x64) AppleWebKit/537.36 (KHTML, like Gecko) Chrome/105.0.0.0 Safari/537.36"
45.67.89.12 - - [14/Sep/2025:08:30:20 +0000] "GET /blog/post-about-nginx HTTP/1.1" 200 8900 "-" "Mozilla/5.0 (iPhone; CPU iPhone OS 14_6 like Mac OS X) AppleWebKit/605.1.15 (KHTML, like Gecko) CriOS/91.0.4472.80 Mobile/15E148 Safari/604.1"
172.16.254.1 - - [14/Sep/2025:08:30:25 +0000] "GET /old-page HTTP/1.1" 301 178 "-" "Mozilla/5.0 (iPad; CPU OS 14_6 like Mac OS X) AppleWebKit/605.1.15 (KHTML, like Gecko) CriOS/91.0.4472.80 Mobile/15E148 Safari/604.1"
216.58.192.142 - - [14/Sep/2025:08:30:30 +0000] "POST /api/upload-file HTTP/1.1" 500 250 "https://example.com/dashboard" "PostmanRuntime/7.29.0"
50.116.62.1 - - [14/Sep/2025:08:30:35 +0000] "GET /css/style.css HTTP/1.1" 200 3456 "https://example.com/index.html" "Mozilla/5.0 (Windows NT 10.0; Win64; x64) AppleWebKit/537.36 (KHTML, like Gecko) Chrome/105.0.0.0 Safari/537.36"
192.168.1.10 - - [14/Sep/2025:08:30:40 +0000] "PUT /users/123 HTTP/1.1" 204 0 "-" "PostmanRuntime/7.29.0"
45.67.89.12 - - [14/Sep/2025:08:30:45 +0000] "GET /js/app.js HTTP/1.1" 200 8765 "https://example.com/blog/post-about-nginx" "Mozilla/5.0 (Linux; Android 10) AppleWebKit/537.36 (KHTML, like Gecko) Chrome/105.0.0.0 Mobile Safari/537.36"
172.16.254.1 - - [14/Sep/2025:08:30:50 +0000] "DELETE /api/items/54321 HTTP/1.1" 204 0 "-" "PostmanRuntime/7.29.0"
216.58.192.142 - - [14/Sep/2025:08:30:55 +0000] "GET /robots.txt HTTP/1.1" 200 120 "-" "Googlebot/2.1 (+http://www.google.com/bot.html)"
50.116.62.1 - - [14/Sep/2025:08:31:00 +0000] "GET /contact HTTP/1.1" 200 2345 "https://example.com/" "Mozilla/5.0 (Windows NT 10.0; Win64; x64; rv:99.0) Gecko/20100101 Firefox/99.0"
192.168.1.10 - - [14/Sep/2025:08:31:05 +0000] "GET /favicon.ico HTTP/1.1" 200 1540 "https://example.com/" "Mozilla/5.0 (Windows NT 10.0; Win64; x64) AppleWebKit/537.36 (KHTML, like Gecko) Chrome/105.0.0.0 Safari/537.36"
93.184.216.34 - - [14/Sep/2025:08:31:10 +0000] "GET /api/data?id=123 HTTP/1.1" 200 450 "-" "curl/7.85.0"
192.168.1.10 - - [14/Sep/2025:08:30:01 +0000] "GET /index.html HTTP/1.1" 200 1254 "-" "Mozilla/5.0 (Windows NT 10.0; Win64; x64) AppleWebKit/537.36 (KHTML, like Gecko) Chrome/105.0.0.0 Safari/537.36"
203.0.113.5 - - [14/Sep/2025:08:30:05 +0000] "POST /api/login HTTP/1.1" 201 123 "https://example.com/login" "PostmanRuntime/7.29.0"
85.234.56.78 - - [14/Sep/2025:08:30:10 +0000] "GET /images/logo.png HTTP/1.1" 200 5678 "-" "Mozilla/5.0 (Macintosh; Intel Mac OS X 10_15_7) AppleWebKit/605.1.15 (KHTML, like Gecko) Version/15.1 Safari/605.1.15"
192.168.1.10 - - [14/Sep/2025:08:30:15 +0000] "GET /non-existent-page HTTP/1.1" 404 154 "-" "Mozilla/5.0 (Windows NT 10.0; Win64; x64) AppleWebKit/537.36 (KHTML, like Gecko) Chrome/105.0.0.0 Safari/537.36"
45.67.89.12 - - [14/Sep/2025:08:30:20 +0000] "GET /blog/post-about-nginx HTTP/1.1" 200 8900 "-" "Mozilla/5.0 (iPhone; CPU iPhone OS 14_6 like Mac OS X) AppleWebKit/605.1.15 (KHTML, like Gecko) CriOS/91.0.4472.80 Mobile/15E148 Safari/604.1"
172.16.254.1 - - [14/Sep/2025:08:30:25 +0000] "GET /old-page HTTP/1.1" 301 178 "-" "Mozilla/5.0 (iPad; CPU OS 14_6 like Mac OS X) AppleWebKit/605.1.15 (KHTML, like Gecko) CriOS/91.0.4472.80 Mobile/15E148 Safari/604.1"
216.58.192.142 - - [14/Sep/2025:08:30:30 +0000] "POST /api/upload-file HTTP/1.1" 500 250 "https://example.com/dashboard" "PostmanRuntime/7.29.0"
50.116.62.1 - - [14/Sep/2025:08:30:35 +0000] "GET /css/style.css HTTP/1.1" 200 3456 "https://example.com/index.html" "Mozilla/5.0 (Windows NT 10.0; Win64; x64) AppleWebKit/537.36 (KHTML, like Gecko) Chrome/105.0.0.0 Safari/537.36"
192.168.1.10 - - [14/Sep/2025:08:30:40 +0000] "PUT /users/123 HTTP/1.1" 204 0 "-" "PostmanRuntime/7.29.0"
45.67.89.12 - - [14/Sep/2025:08:30:45 +0000] "GET /js/app.js HTTP/1.1" 200 8765 "https://example.com/blog/post-about-nginx" "Mozilla/5.0 (Linux; Android 10) AppleWebKit/537.36 (KHTML, like Gecko) Chrome/105.0.0.0 Mobile Safari/537.36"
172.16.254.1 - - [14/Sep/2025:08:30:50 +0000] "DELETE /api/items/54321 HTTP/1.1" 204 0 "-" "PostmanRuntime/7.29.0"
216.58.192.142 - - [14/Sep/2025:08:30:55 +0000] "GET /robots.txt HTTP/1.1" 200 120 "-" "Googlebot/2.1 (+http://www.google.com/bot.html)"
50.116.62.1 - - [14/Sep/2025:08:31:00 +0000] "GET /contact HTTP/1.1" 200 2345 "https://example.com/" "Mozilla/5.0 (Windows NT 10.0; Win64; x64; rv:99.0) Gecko/20100101 Firefox/99.0"
192.168.1.10 - - [14/Sep/2025:08:31:05 +0000] "GET /favicon.ico HTTP/1.1" 200 1540 "https://example.com/" "Mozilla/5.0 (Windows NT 10.0; Win64; x64) AppleWebKit/537.36 (KHTML, like Gecko) Chrome/105.0.0.0 Safari/537.36"
93.184.216.34 - - [14/Sep/2025:08:31:10 +0000] "GET /api/data?id=123 HTTP/1.1" 200 450 "-" "curl/7.85.0"
